=== D8 TEST 2: Antihydra M2^odd envelope ===
J (renewal entries) = 2000000   orbit steps = 4002538   final c bit-length = 2341338
orbit wall time = 422.2 s

-- INSTRUMENT VALIDATION (anchors) --
even-density = 0.49968   (doc anchor ~ 0.50018)
avg jump = #odd/#even = 1.00127   (doc anchor ~ 1.0)
avg jump via telescoping 1+(2/J)sum eps = 1.00127  (direct 1.00127)
crude bound (2/J) sum|eps_k| = 0.0016   (need <=1; doc anchor ~0.009)

-- IDENTITY CROSS-CHECK (direct FFT vs 2^k C2(k) - 2^{k-1} C2(k-1)) --
  k    M2odd(fft)   M2odd(ident)     M2full  random 2^{k-1}/J    reldiff
  2      0.000001       0.000001    1.00000          0.000001   3.34e-11

-- M2^odd(k) and envelope partial sums --
  k       M2odd(k)       random   ratio       term  SUM(<=1/4)  2*SUM(<=1)
  1       0.000000     0.000000   0.167   0.000144     0.00014     0.00029
  2       0.000001     0.000001   1.078   0.000367     0.00051     0.00102
  3       0.000002     0.000002   1.095   0.000370     0.00088     0.00176
  4       0.000005     0.000004   1.300   0.000403     0.00128     0.00257
  5       0.000009     0.000008   1.068   0.000365     0.00165     0.00330
  6       0.000017     0.000016   1.063   0.000365     0.00201     0.00403
  7       0.000039     0.000032   1.220   0.000391     0.00241     0.00481
  8       0.000065     0.000064   1.011   0.000355     0.00276     0.00552
  9       0.000127     0.000128   0.996   0.000353     0.00311     0.00623
 10       0.000248     0.000256   0.970   0.000348     0.00346     0.00692
 11       0.000545     0.000512   1.064   0.000365     0.00383     0.00765
 12       0.001014     0.001024   0.991   0.000352     0.00418     0.00836
 13       0.002083     0.002048   1.017   0.000357     0.00453     0.00907
 14       0.004141     0.004096   1.011   0.000355     0.00489     0.00978
 15       0.008126     0.008192   0.992   0.000352     0.00524     0.01048
 16       0.016512     0.016384   1.008   0.000355     0.00560     0.01119
 17       0.033052     0.032768   1.009   0.000355     0.00595     0.01190
 18       0.066046     0.065536   1.008   0.000355     0.00631     0.01261
 19       0.131333     0.131072   1.002   0.000354     0.00666     0.01332
 20       0.263101     0.262144   1.004   0.000354     0.00702     0.01403
 21       0.524355     0.524288   1.000   0.000354     0.00737     0.01474
 22       1.049205     1.048576   1.001   0.000354     0.00772     0.01545
 23       2.098964     2.097152   1.001   0.000354     0.00808     0.01615
 24       4.194782     4.194304   1.000   0.000354     0.00843     0.01686
 25       8.385546     8.388608   1.000   0.000353     0.00878     0.01757
 26      16.774028    16.777216   1.000   0.000354     0.00914     0.01827
 27      33.553492    33.554432   1.000   0.000354     0.00949     0.01898
 28      67.115508    67.108864   1.000   0.000354     0.00984     0.01969
 29     134.227526   134.217728   1.000   0.000354     0.01020     0.02040
 30     268.437335   268.435456   1.000   0.000354     0.01055     0.02110
 31     536.872523   536.870912   1.000   0.000354     0.01090     0.02181
 32    1073.750414  1073.741824   1.000   0.000354     0.01126     0.02252
 33    2147.479353  2147.483648   1.000   0.000354     0.01161     0.02322
 34    4294.855627  4294.967296   1.000   0.000354     0.01197     0.02393

-- CUTOFF DIAGNOSTICS --
N_k > 0 up to k = 20;  eps_k != 0 up to k* = 21;  log2(J) = 20.93
envelope 2*SUM at natural cutoff k*=21: 0.01474  (SUM = 0.00737, need <= 1/4)
envelope 2*SUM at doc cutoff k_max=20   : 0.01403  (SUM = 0.00702)
per-level term in the equidistributed regime = 1/(2 sqrt(J)) = 0.000354; observed mean term k=10..34 = 0.000354

SUMMARY_ROW 2000000 21 20 0.49968 0.0016 0.00737 0.00702 0.01197 34

elapsed total 423.9 s
