=== D8 TEST 2: Antihydra M2^odd envelope ===
J (renewal entries) = 1000000   orbit steps = 2002179   final c bit-length = 1171203
orbit wall time = 127.5 s

-- INSTRUMENT VALIDATION (anchors) --
even-density = 0.49946   (doc anchor ~ 0.50018)
avg jump = #odd/#even = 1.00218   (doc anchor ~ 1.0)
avg jump via telescoping 1+(2/J)sum eps = 1.00218  (direct 1.00218)
crude bound (2/J) sum|eps_k| = 0.0031   (need <=1; doc anchor ~0.009)

-- IDENTITY CROSS-CHECK (direct FFT vs 2^k C2(k) - 2^{k-1} C2(k-1)) --
  k    M2odd(fft)   M2odd(ident)     M2full  random 2^{k-1}/J    reldiff
  2      0.000000       0.000000    1.00000          0.000002   3.84e-10

-- M2^odd(k) and envelope partial sums --
  k       M2odd(k)       random   ratio       term  SUM(<=1/4)  2*SUM(<=1)
  1       0.000003     0.000001   2.802   0.000837     0.00084     0.00167
  2       0.000000     0.000002   0.202   0.000225     0.00106     0.00212
  3       0.000007     0.000004   1.644   0.000641     0.00170     0.00341
  4       0.000009     0.000008   1.147   0.000535     0.00224     0.00448
  5       0.000020     0.000016   1.228   0.000554     0.00279     0.00558
  6       0.000037     0.000032   1.164   0.000539     0.00333     0.00666
  7       0.000069     0.000064   1.074   0.000518     0.00385     0.00770
  8       0.000133     0.000128   1.042   0.000510     0.00436     0.00872
  9       0.000257     0.000256   1.003   0.000501     0.00486     0.00972
 10       0.000500     0.000512   0.977   0.000494     0.00536     0.01071
 11       0.001058     0.001024   1.033   0.000508     0.00586     0.01173
 12       0.002028     0.002048   0.990   0.000498     0.00636     0.01272
 13       0.004012     0.004096   0.980   0.000495     0.00686     0.01371
 14       0.008179     0.008192   0.998   0.000500     0.00736     0.01471
 15       0.016120     0.016384   0.984   0.000496     0.00785     0.01570
 16       0.032928     0.032768   1.005   0.000501     0.00835     0.01671
 17       0.065470     0.065536   0.999   0.000500     0.00885     0.01771
 18       0.131501     0.131072   1.003   0.000501     0.00935     0.01871
 19       0.263030     0.262144   1.003   0.000501     0.00985     0.01971
 20       0.525311     0.524288   1.002   0.000500     0.01035     0.02071
 21       1.049828     1.048576   1.001   0.000500     0.01086     0.02171
 22       2.097953     2.097152   1.000   0.000500     0.01136     0.02271
 23       4.197559     4.194304   1.001   0.000500     0.01186     0.02371
 24       8.395688     8.388608   1.001   0.000500     0.01236     0.02471
 25      16.779296    16.777216   1.000   0.000500     0.01286     0.02571
 26      33.553492    33.554432   1.000   0.000500     0.01336     0.02671
 27      67.121883    67.108864   1.000   0.000500     0.01386     0.02771
 28     134.234908   134.217728   1.000   0.000500     0.01436     0.02871
 29     268.471963   268.435456   1.000   0.000500     0.01486     0.02971
 30     536.920304   536.870912   1.000   0.000500     0.01536     0.03071
 31    1073.786921  1073.741824   1.000   0.000500     0.01586     0.03171
 32    2147.578137  2147.483648   1.000   0.000500     0.01636     0.03271

-- CUTOFF DIAGNOSTICS --
N_k > 0 up to k = 20;  eps_k != 0 up to k* = 21;  log2(J) = 19.93
envelope 2*SUM at natural cutoff k*=21: 0.02171  (SUM = 0.01086, need <= 1/4)
envelope 2*SUM at doc cutoff k_max=20   : 0.02071  (SUM = 0.01035)
per-level term in the equidistributed regime = 1/(2 sqrt(J)) = 0.000500; observed mean term k=10..32 = 0.000500

SUMMARY_ROW 1000000 21 20 0.49946 0.0031 0.01086 0.01035 0.01636 32

elapsed total 128.4 s
