=== D8 TEST 1: o4 rho=1 run cap ===
generations simulated N = 2000000
final G bit-length      = 830079  (base-3 digits ~ 523696)
final ledger a          = 5992326
wall time               = 332.2 s

-- INSTRUMENT VALIDATION --
ledger/odometer anchors matched: 8/8
   OK  n=  0 G=3 a=3 rho=0
   OK  n=  5 G=43 a=17 rho=1
   OK  n=  9 G=151 a=30 rho=1
   OK  n= 12 G=367 a=37 rho=1
   OK  n= 20 G=3727 a=63 rho=1
   OK  n= 26 G=20983 a=90 rho=1
   OK  n= 31 G=88462 a=99 rho=1
   OK  n= 36 G=372814 a=115 rho=1
a_40 = 130 (doc records a_40 = 124)
min a at any rho=1 generation = 9 (doc: 9, at startup G=7)
run-structure closed form run == v3(G+14): checked 44515 runs, mismatches 0

-- RUN STATISTICS --
MAX rho=1 run length observed = 12
   run length 1: count     296301  first at generation n=1
   run length 2: count      99302  first at generation n=26
   run length 3: count      33017  first at generation n=51
   run length 4: count      11031  first at generation n=90
   run length 5: count       3633  first at generation n=545
   run length 6: count       1218  first at generation n=6556
   run length 7: count        408  first at generation n=6656
   run length 8: count        124  first at generation n=9030
   run length 9: count         43  first at generation n=17826
   run length 10: count         20  first at generation n=87165
   run length 11: count          5  first at generation n=103541
   run length 12: count          2  first at generation n=84793
   >>> FIRST run of length 3: generation n=51
   >>> FIRST run of length 4: generation n=90
   >>> FIRST run of length 5: generation n=545

-- MAXRUN vs GENERATIONS --
           N  maxrun   bits(G)      sec
        1000       5       419      0.0
       10000       8      4154      0.0
      100000      12     41508      1.1
     1000000      12    415042     82.5
     2000000      12    830079    332.2

total maximal rho=1 runs = 445104; total rho=1 steps = 668067; freq(rho=1) = 0.334033  (fatal threshold 0.8)
mean run length = 1.5009
unconditional cap (RUN_STRUCTURE sec.2): run at gen n <= 0.262n+O(1) -> 524000 at N
