[OBSERVED] induced steps J = 1250979, mean D = 1.998432 (Haar mean 2), max D = 22
[OBSERVED] empirical P(D=d) vs 2^-d:
   d= 1 emp=0.500396 pred=0.500000 ratio=1.0008
   d= 2 emp=0.250218 pred=0.250000 ratio=1.0009
   d= 3 emp=0.125027 pred=0.125000 ratio=1.0002
   d= 4 emp=0.061997 pred=0.062500 ratio=0.9920
   d= 5 emp=0.031112 pred=0.031250 ratio=0.9956
   d= 6 emp=0.015608 pred=0.015625 ratio=0.9989
   d= 7 emp=0.007795 pred=0.007812 ratio=0.9977
   d= 8 emp=0.003891 pred=0.003906 ratio=0.9960
   d= 9 emp=0.001974 pred=0.001953 ratio=1.0109
   d=10 emp=0.000966 pred=0.000977 ratio=0.9896
   d=11 emp=0.000515 pred=0.000488 ratio=1.0543
   d=12 emp=0.000253 pred=0.000244 ratio=1.0347
   d=13 emp=0.000115 pred=0.000122 ratio=0.9430
   d=14 emp=0.000065 pred=0.000061 ratio=1.0609
   d=15 emp=0.000030 pred=0.000031 ratio=0.9692

### REAL ORBIT  T_L geometry [OBSERVED]
  L    |T_L|    density   2^-(L-1)  mean gap  max gap  min ratio  med ratio  %r>1.01  |T|/log2N   disp
  3   311976  2.494e-01  2.500e-01       4.0       50   1.000001   1.000006    0.03%    15402.7  0.743
  4   155570  1.244e-01  1.250e-01       8.0      100   1.000001   1.000011    0.07%     7680.7  0.872
  5    78013  6.236e-02  6.250e-02      16.0      194   1.000001   1.000021    0.12%     3851.6  0.971
  6    39093  3.125e-02  3.125e-02      32.0      298   1.000001   1.000041    0.26%     1930.1  0.959
  7    19568  1.564e-02  1.562e-02      63.9      597   1.000001   1.000082    0.49%      966.1  0.979
  8     9817  7.847e-03  7.812e-03     127.4     1231   1.000001   1.000164    0.92%      484.7  0.962
  9     4950  3.957e-03  3.906e-03     252.7     2317   1.000001   1.000317    1.86%      244.4  0.988
 10     2480  1.982e-03  1.953e-03     504.3     4444   1.000001   1.000661    4.03%      122.4  1.006
 11     1271  1.016e-03  9.766e-04     983.3     6877   1.000003   1.001335    7.40%       62.8  1.005
 12      627  5.012e-04  4.883e-04    1990.9    12289   1.000003   1.002482   14.70%       31.0  1.012
 13      311  2.486e-04  2.441e-04    4020.3    22618   1.000003   1.004824   25.48%       15.4  1.044

### IID-GEOMETRIC SURROGATES (5 draws, same J) [OBSERVED]
  L    |T_L|    density  mean gap  max gap  min ratio  med ratio  %r>1.01  |T|/log2N   disp
  3   312865  2.501e-01       4.0       50   1.000001   1.000006    0.03%    15446.6  0.759
  4   156534  1.251e-01       8.0       87   1.000001   1.000011    0.06%     7728.3  0.874
  5    78165  6.248e-02      16.0      179   1.000001   1.000021    0.13%     3859.1  0.941
  6    39002  3.118e-02      32.1      338   1.000001   1.000041    0.25%     1925.6  0.969
  7    19444  1.554e-02      64.3      673   1.000001   1.000083    0.49%      960.0  0.981
  8     9716  7.767e-03     128.7     1208   1.000001   1.000166    0.99%      479.7  0.986
  9     4853  3.879e-03     257.8     2216   1.000001   1.000331    2.03%      239.6  0.985
 10     2404  1.922e-03     520.4     3979   1.000001   1.000673    4.19%      118.7  1.007
 11     1188  9.495e-04    1052.3     8045   1.000001   1.001306    8.02%       58.6  1.004
 12      600  4.796e-04    2083.3    15383   1.000009   1.002579   16.54%       29.6  1.005
 13      299  2.387e-04    4183.9    25003   1.000021   1.004984   31.34%       14.7  1.012

### GAP LAW: real vs Geom(p=2^-(L-1)) [OBSERVED]
  L= 3 n= 311975 mean_gap=      4.0 1/p=      4.0 KS=0.2500  KS*sqrt(n)=139.635
  L= 4 n= 155569 mean_gap=      8.0 1/p=      8.0 KS=0.1250  KS*sqrt(n)=49.300
  L= 5 n=  78012 mean_gap=     16.0 1/p=     16.0 KS=0.0625  KS*sqrt(n)=17.453
  L= 6 n=  39092 mean_gap=     32.0 1/p=     32.0 KS=0.0330  KS*sqrt(n)=6.527
  L= 7 n=  19567 mean_gap=     63.9 1/p=     64.0 KS=0.0171  KS*sqrt(n)=2.393
  L= 8 n=   9816 mean_gap=    127.4 1/p=    128.0 KS=0.0128  KS*sqrt(n)=1.272
  L= 9 n=   4949 mean_gap=    252.7 1/p=    256.0 KS=0.0087  KS*sqrt(n)=0.613
  L=10 n=   2479 mean_gap=    504.3 1/p=    512.0 KS=0.0125  KS*sqrt(n)=0.624
  L=11 n=   1270 mean_gap=    983.3 1/p=   1024.0 KS=0.0198  KS*sqrt(n)=0.705
  L=12 n=    626 mean_gap=   1990.9 1/p=   2048.0 KS=0.0198  KS*sqrt(n)=0.497

### RECORD-DEPTH TIMES (candidate lacunary set) [OBSERVED]
  (j, D_j): [(0, np.int32(4)), (24, np.int32(8)), (170, np.int32(9)), (173, np.int32(11)), (1826, np.int32(15)), (3553, np.int32(16)), (147466, np.int32(17)), (267697, np.int32(22))]
  ratio stats: {'n': 7, 'rmin': np.float64(1.0176), 'q01': np.float64(1.0575), 'med': np.float64(4.5146), 'q99': np.float64(39.9572), 'rmax': np.float64(41.5046), 'frac_gt_1p01': np.float64(1.0), 'frac_gt_1p1': np.float64(0.8333)}

### RESTRICTED CHARACTER SUMS |S|/sqrt(n) [OBSERVED]  (random ~0.886)
shift    m   L        n    full   restr null_mean  null_sd       z
    0    3   3   311976 559.236 279.275   279.275    0.001    0.02
    0    3   4   155570 559.236 197.212   197.213    0.002   -0.52
    0    3   5    78013 559.236 139.664   139.658    0.005    1.08
    0    3   6    39093 559.236  98.879    98.863    0.004    4.37
    0    3   7    19568 559.236  69.947    69.948    0.007   -0.17
    0    3   8     9817 559.236  49.556    49.555    0.015    0.08
    0    3   9     4950 559.236  35.181    35.186    0.011   -0.47
    0    3  10     2480 559.236  24.916    24.914    0.022    0.09
    0    5   3   311976   0.076   0.929     0.702    0.488    0.47
    0    5   4   155570   0.076   0.861     0.896    0.517   -0.07
    0    5   5    78013   0.076   1.457     0.848    0.366    1.66
    0    5   6    39093   0.076   0.525     0.862    0.350   -0.96
    0    5   7    19568   0.076   1.569     0.837    0.444    1.65
    0    5   8     9817   0.076   0.736     0.733    0.315    0.01
    0    5   9     4950   0.076   1.199     0.870    0.541    0.61
    0    5  10     2480   0.076   0.543     0.864    0.505   -0.64
    0    7   3   311976   1.190   0.533     0.905    0.436   -0.85
    0    7   4   155570   1.190   0.586     0.869    0.495   -0.57
    0    7   5    78013   1.190   0.534     0.989    0.431   -1.06
    0    7   6    39093   1.190   1.216     0.736    0.415    1.16
    0    7   7    19568   1.190   1.055     0.735    0.381    0.84
    0    7   8     9817   1.190   1.141     0.759    0.393    0.97
    0    7   9     4950   1.190   1.078     0.928    0.414    0.36
    0    7  10     2480   1.190   0.290     0.934    0.485   -1.33
    0   11   3   311976   0.563   0.572     0.755    0.356   -0.51
    0   11   4   155570   0.563   0.984     0.903    0.429    0.19
    0   11   5    78013   0.563   0.923     0.849    0.505    0.15
    0   11   6    39093   0.563   0.501     1.085    0.451   -1.29
    0   11   7    19568   0.563   0.197     1.009    0.505   -1.61
    0   11   8     9817   0.563   0.303     0.852    0.383   -1.43
    0   11   9     4950   0.563   0.158     0.773    0.394   -1.56
    0   11  10     2480   0.563   0.737     0.935    0.510   -0.39
    0   13   3   311976   0.622   0.879     1.040    0.496   -0.33
    0   13   4   155570   0.622   0.848     0.704    0.274    0.52
    0   13   5    78013   0.622   0.818     0.835    0.316   -0.05
    0   13   6    39093   0.622   0.566     0.897    0.505   -0.65
    0   13   7    19568   0.622   0.787     0.825    0.427   -0.09
    0   13   8     9817   0.622   1.153     1.007    0.610    0.24
    0   13   9     4950   0.622   1.634     0.830    0.346    2.32
    0   13  10     2480   0.622   0.573     0.916    0.441   -0.78
    0   17   3   311976   0.876   1.069     0.846    0.329    0.68
    0   17   4   155570   0.876   1.121     0.822    0.387    0.77
    0   17   5    78013   0.876   0.956     0.848    0.427    0.25
    0   17   6    39093   0.876   0.663     0.839    0.341   -0.52
    0   17   7    19568   0.876   0.120     1.196    0.533   -2.02
    0   17   8     9817   0.876   0.929     0.864    0.423    0.15
    0   17   9     4950   0.876   0.873     0.845    0.382    0.07
    0   17  10     2480   0.876   0.490     0.893    0.475   -0.85
    0   19   3   311976   0.810   0.522     0.766    0.427   -0.57
    0   19   4   155570   0.810   1.505     0.881    0.503    1.24
    0   19   5    78013   0.810   0.620     0.889    0.352   -0.77
    0   19   6    39093   0.810   0.991     0.803    0.332    0.57
    0   19   7    19568   0.810   0.876     0.784    0.324    0.28
    0   19   8     9817   0.810   0.466     0.737    0.369   -0.73
    0   19   9     4950   0.810   0.429     0.939    0.477   -1.07
    0   19  10     2480   0.810   0.909     0.989    0.518   -0.15
    0   23   3   311976   0.369   0.242     0.655    0.293   -1.41
    0   23   4   155570   0.369   1.333     0.741    0.473    1.25
    0   23   5    78013   0.369   0.175     0.834    0.416   -1.58
    0   23   6    39093   0.369   0.735     0.992    0.340   -0.75
    0   23   7    19568   0.369   0.603     0.834    0.476   -0.49
    0   23   8     9817   0.369   1.034     0.947    0.527    0.17
    0   23   9     4950   0.369   0.229     0.950    0.453   -1.59
    0   23  10     2480   0.369   0.350     0.851    0.411   -1.22
    1    3   3   311976 559.236 558.548   279.276    0.002 134437.99
    1    3   4   155570 559.236 394.424   197.214    0.003 74587.22
    1    3   5    78013 559.236 279.308   139.657    0.003 53450.77
    1    3   6    39093 559.236 197.719    98.864    0.006 17145.64
    1    3   7    19568 559.236 139.886    69.948    0.006 11465.89
    1    3   8     9817 559.236  99.081    49.552    0.016 3018.90
    1    3   9     4950 559.236  70.356    35.193    0.022 1567.32
    1    3  10     2480 559.236  49.800    24.919    0.020 1244.92
    1    5   3   311976   0.076   1.005     0.528    0.338    1.41
    1    5   4   155570   0.076   0.864     0.720    0.419    0.35
    1    5   5    78013   0.076   1.422     0.957    0.349    1.33
    1    5   6    39093   0.076   1.541     0.799    0.457    1.62
    1    5   7    19568   0.076   1.849     0.815    0.453    2.28
    1    5   8     9817   0.076   1.108     0.989    0.347    0.34
    1    5   9     4950   0.076   1.314     0.826    0.408    1.20
    1    5  10     2480   0.076   0.786     0.883    0.357   -0.27
    1    7   3   311976   1.189   0.440     0.860    0.352   -1.19
    1    7   4   155570   1.189   0.415     0.903    0.476   -1.02
    1    7   5    78013   1.189   0.702     0.834    0.427   -0.31
    1    7   6    39093   1.189   0.058     0.946    0.374   -2.37
    1    7   7    19568   1.189   0.811     0.880    0.491   -0.14
    1    7   8     9817   1.189   1.019     0.960    0.400    0.15
    1    7   9     4950   1.189   1.331     0.694    0.399    1.60
    1    7  10     2480   1.189   1.116     0.905    0.603    0.35
    1   11   3   311976   0.564   0.454     0.865    0.509   -0.81
    1   11   4   155570   0.564   1.474     0.787    0.415    1.66
    1   11   5    78013   0.564   0.917     0.935    0.401   -0.04
    1   11   6    39093   0.564   0.499     0.877    0.436   -0.87
    1   11   7    19568   0.564   0.742     0.815    0.341   -0.21
    1   11   8     9817   0.564   0.871     0.903    0.405   -0.08
    1   11   9     4950   0.564   0.850     0.934    0.359   -0.24
    1   11  10     2480   0.564   0.700     0.768    0.384   -0.18
    1   13   3   311976   0.623   0.401     0.900    0.346   -1.44
    1   13   4   155570   0.623   0.443     0.886    0.558   -0.79
    1   13   5    78013   0.623   1.045     0.713    0.301    1.10
    1   13   6    39093   0.623   0.723     0.709    0.341    0.04
    1   13   7    19568   0.623   0.396     0.986    0.411   -1.44
    1   13   8     9817   0.623   1.770     0.881    0.393    2.26
    1   13   9     4950   0.623   1.589     0.901    0.411    1.67
    1   13  10     2480   0.623   1.652     0.885    0.399    1.92
    1   17   3   311976   0.876   0.907     0.818    0.463    0.19
    1   17   4   155570   0.876   0.248     0.829    0.438   -1.33
    1   17   5    78013   0.876   0.543     1.023    0.411   -1.17
    1   17   6    39093   0.876   0.499     0.846    0.521   -0.67
    1   17   7    19568   0.876   0.315     1.047    0.570   -1.28
    1   17   8     9817   0.876   1.181     0.924    0.595    0.43
    1   17   9     4950   0.876   0.901     0.800    0.396    0.26
    1   17  10     2480   0.876   1.391     0.848    0.436    1.24
    1   19   3   311976   0.809   0.447     0.702    0.304   -0.84
    1   19   4   155570   0.809   0.548     0.842    0.476   -0.62
    1   19   5    78013   0.809   1.197     1.027    0.434    0.39
    1   19   6    39093   0.809   1.002     0.930    0.454    0.16
    1   19   7    19568   0.809   0.140     1.033    0.405   -2.21
    1   19   8     9817   0.809   0.428     0.764    0.404   -0.83
    1   19   9     4950   0.809   1.337     1.085    0.557    0.45
    1   19  10     2480   0.809   1.797     0.996    0.421    1.90
    1   23   3   311976   0.370   0.654     0.765    0.423   -0.26
    1   23   4   155570   0.370   1.113     0.990    0.474    0.26
    1   23   5    78013   0.370   0.970     0.812    0.310    0.51
    1   23   6    39093   0.370   0.768     0.780    0.384   -0.03
    1   23   7    19568   0.370   1.452     0.873    0.593    0.98
    1   23   8     9817   0.370   1.918     0.893    0.441    2.32
    1   23   9     4950   0.370   1.525     0.846    0.411    1.65
    1   23  10     2480   0.370   2.148     0.939    0.568    2.13
