{"synthetic": false,
 "schemaVersion": "2025-09-10",
 "outputs":
 {"o": ["5a416992f78cd6b1.olean"],
  "m": false,
  "i": "ae1e890cf733d91a.ilean",
  "c": "774f46a2df5dcb29.c"},
 "log":
 [{"message":
   ".> LEAN_PATH=/Users/aokiyousuke/busybeaver/lean/.lake/build/lib/lean /Users/aokiyousuke/.elan/toolchains/leanprover--lean4---v4.31.0/bin/lean /Users/aokiyousuke/busybeaver/lean/RunStructure.lean -o /Users/aokiyousuke/busybeaver/lean/.lake/build/lib/lean/RunStructure.olean -i /Users/aokiyousuke/busybeaver/lean/.lake/build/lib/lean/RunStructure.ilean -c /Users/aokiyousuke/busybeaver/lean/.lake/build/ir/RunStructure.c --setup /Users/aokiyousuke/busybeaver/lean/.lake/build/ir/RunStructure.setup.json --json",
   "level": "trace"},
  {"message": "RunStructure.lean:464:0: [true, true, true, true, true]",
   "level": "info"},
  {"message": "RunStructure.lean:466:0: true", "level": "info"},
  {"message": "RunStructure.lean:467:0: [43, 151, 367, 3727]", "level": "info"},
  {"message": "RunStructure.lean:469:0: [1, 1, 1, 1]", "level": "info"},
  {"message": "RunStructure.lean:471:0: true", "level": "info"}],
 "inputs":
 [["RunStructure:deps",
   [["deps",
     [["runstructure/RunStructure:extraDep",
       [["@runstructure:extraDep", "00000000000006bb"]]],
      ["imports", "00000000000006bb"]]],
    ["libs",
     [["import dynlibs", "00000000000006bb"],
      ["package external libraries", "00000000000006bb"],
      ["module dynlibs", "00000000000006bb"],
      ["module plugins", "00000000000006bb"]]]]],
  ["Lean 4.31.0, commit 68218e876d2a38b1985b8590fff244a83c321783",
   "fc45ac412f28501c"],
  ["/Users/aokiyousuke/busybeaver/lean/RunStructure.lean", "bb49faa4eb2c58e5"],
  ["options", "00000000000006bb"],
  ["isModule: false", "feefd2a0d3a1847e"],
  ["Module.name: RunStructure", "bff29951b7b798ca"],
  ["Package.id?: (some runstructure)", "3a01a3da4c71179e"],
  ["Module.leanArgs: #[]", "00000000000006bb"]],
 "depHash": "37444ad6359d342d"}